2026-08-19 04:03:19.500: [INFO] CurrentProfilePath: D:\Java Full Stack\JDBC\.metadata\.plugins\org.eclipse.swt\EBWebView\Default
2026-08-19 04:03:19.500: [INFO] Profiles total count: 1
2026-08-19 04:03:19.500: [INFO] Profile: name=Profile 1 path=D:\Java Full Stack\JDBC\.metadata\.plugins\org.eclipse.swt\EBWebView\Default lastActive=null
2026-08-19 04:03:19.500: [INFO] LastUsedProfileDir: D:\Java Full Stack\JDBC\.metadata\.plugins\org.eclipse.swt\EBWebView\Default
2026-08-19 04:03:19.500: [INFO] OnDoneLoading sync enabled: 0
2026-08-19 04:03:19.500: [INFO] BookmarkModelLoaded, ids_reassigned: 0
2026-08-19 04:03:19.500: [INFO] BookmarksLoadDropped droppedNodes=0
2026-08-19 04:03:19.500: [INFO] BookmarksSnapshot Startup total=0 bar=0 other=0 mobile=0 showBar=0 showBarNTP=1
2026-08-19 04:03:29.091: [INFO] BookmarksSnapshot Shutdown total=0 bar=0 other=0 mobile=0 showBar=0 showBarNTP=1
2026-08-19 04:03:45.773: [INFO] CurrentProfilePath: D:\Java Full Stack\JDBC\.metadata\.plugins\org.eclipse.swt\EBWebView\Default
2026-08-19 04:03:45.773: [INFO] Profiles total count: 1
2026-08-19 04:03:45.774: [INFO] Profile: name=Profile 1 path=D:\Java Full Stack\JDBC\.metadata\.plugins\org.eclipse.swt\EBWebView\Default lastActive=2026-08-19T04:03:20.114Z
2026-08-19 04:03:45.774: [INFO] LastUsedProfileDir: D:\Java Full Stack\JDBC\.metadata\.plugins\org.eclipse.swt\EBWebView\Default
2026-08-19 04:03:45.774: [INFO] MostRecentlyActiveProfile: name=Profile 1 path=D:\Java Full Stack\JDBC\.metadata\.plugins\org.eclipse.swt\EBWebView\Default lastActive=2026-08-19T04:03:20.114Z
2026-08-19 04:03:45.774: [INFO] OnDoneLoading sync enabled: 0
2026-08-19 04:03:45.774: [INFO] BookmarkModelLoaded, ids_reassigned: 0
2026-08-19 04:03:45.774: [INFO] BookmarksLoadDropped droppedNodes=0
2026-08-19 04:03:45.774: [INFO] BookmarksSnapshot Startup total=0 bar=0 other=0 mobile=0 showBar=0 showBarNTP=1
2026-08-19 04:05:35.117: [INFO] BookmarksSnapshot Shutdown total=0 bar=0 other=0 mobile=0 showBar=0 showBarNTP=1
2026-08-19 05:16:41.871: [INFO] CurrentProfilePath: D:\Java Full Stack\JDBC\.metadata\.plugins\org.eclipse.swt\EBWebView\Default
2026-08-19 05:16:41.871: [INFO] Profiles total count: 1
2026-08-19 05:16:41.873: [INFO] Profile: name=Profile 1 path=D:\Java Full Stack\JDBC\.metadata\.plugins\org.eclipse.swt\EBWebView\Default lastActive=2026-08-19T04:05:33.615Z
2026-08-19 05:16:41.873: [INFO] LastUsedProfileDir: D:\Java Full Stack\JDBC\.metadata\.plugins\org.eclipse.swt\EBWebView\Default
2026-08-19 05:16:41.873: [INFO] MostRecentlyActiveProfile: name=Profile 1 path=D:\Java Full Stack\JDBC\.metadata\.plugins\org.eclipse.swt\EBWebView\Default lastActive=2026-08-19T04:05:33.615Z
2026-08-19 05:16:41.873: [INFO] OnDoneLoading sync enabled: 0
2026-08-19 05:16:41.873: [INFO] BookmarkModelLoaded, ids_reassigned: 0
2026-08-19 05:16:41.873: [INFO] BookmarksLoadDropped droppedNodes=0
2026-08-19 05:16:41.873: [INFO] BookmarksSnapshot Startup total=0 bar=0 other=0 mobile=0 showBar=0 showBarNTP=1
2026-08-19 05:16:45.947: [INFO] BookmarksSnapshot Shutdown total=0 bar=0 other=0 mobile=0 showBar=0 showBarNTP=1
2026-08-19 05:17:21.863: [INFO] CurrentProfilePath: D:\Java Full Stack\JDBC\.metadata\.plugins\org.eclipse.swt\EBWebView\Default
2026-08-19 05:17:21.863: [INFO] Profiles total count: 1
2026-08-19 05:17:21.863: [INFO] Profile: name=Profile 1 path=D:\Java Full Stack\JDBC\.metadata\.plugins\org.eclipse.swt\EBWebView\Default lastActive=2026-08-19T04:05:33.615Z
2026-08-19 05:17:21.863: [INFO] LastUsedProfileDir: D:\Java Full Stack\JDBC\.metadata\.plugins\org.eclipse.swt\EBWebView\Default
2026-08-19 05:17:21.863: [INFO] MostRecentlyActiveProfile: name=Profile 1 path=D:\Java Full Stack\JDBC\.metadata\.plugins\org.eclipse.swt\EBWebView\Default lastActive=2026-08-19T04:05:33.615Z
2026-08-19 05:17:21.863: [INFO] OnDoneLoading sync enabled: 0
2026-08-19 05:17:21.863: [INFO] BookmarkModelLoaded, ids_reassigned: 0
2026-08-19 05:17:21.863: [INFO] BookmarksLoadDropped droppedNodes=0
2026-08-19 05:17:21.863: [INFO] BookmarksSnapshot Startup total=0 bar=0 other=0 mobile=0 showBar=0 showBarNTP=1
2026-08-19 05:17:29.726: [INFO] BookmarksSnapshot Shutdown total=0 bar=0 other=0 mobile=0 showBar=0 showBarNTP=1
2026-08-19 05:28:57.830: [INFO] CurrentProfilePath: D:\Java Full Stack\JDBC\.metadata\.plugins\org.eclipse.swt\EBWebView\Default
2026-08-19 05:28:57.830: [INFO] Profiles total count: 1
2026-08-19 05:28:57.832: [INFO] Profile: name=Profile 1 path=D:\Java Full Stack\JDBC\.metadata\.plugins\org.eclipse.swt\EBWebView\Default lastActive=2026-08-19T04:05:33.615Z
2026-08-19 05:28:57.832: [INFO] LastUsedProfileDir: D:\Java Full Stack\JDBC\.metadata\.plugins\org.eclipse.swt\EBWebView\Default
2026-08-19 05:28:57.832: [INFO] MostRecentlyActiveProfile: name=Profile 1 path=D:\Java Full Stack\JDBC\.metadata\.plugins\org.eclipse.swt\EBWebView\Default lastActive=2026-08-19T04:05:33.615Z
2026-08-19 05:28:57.832: [INFO] OnDoneLoading sync enabled: 0
2026-08-19 05:28:57.832: [INFO] BookmarkModelLoaded, ids_reassigned: 0
2026-08-19 05:28:57.832: [INFO] BookmarksLoadDropped droppedNodes=0
2026-08-19 05:28:57.832: [INFO] BookmarksSnapshot Startup total=0 bar=0 other=0 mobile=0 showBar=0 showBarNTP=1
2026-08-19 05:37:01.447: [INFO] BookmarksSnapshot Shutdown total=0 bar=0 other=0 mobile=0 showBar=0 showBarNTP=1
2026-08-19 05:40:05.630: [INFO] CurrentProfilePath: D:\Java Full Stack\JDBC\.metadata\.plugins\org.eclipse.swt\EBWebView\Default
2026-08-19 05:40:05.630: [INFO] Profiles total count: 1
2026-08-19 05:40:05.630: [INFO] Profile: name=Profile 1 path=D:\Java Full Stack\JDBC\.metadata\.plugins\org.eclipse.swt\EBWebView\Default lastActive=2026-08-19T04:05:33.615Z
2026-08-19 05:40:05.630: [INFO] LastUsedProfileDir: D:\Java Full Stack\JDBC\.metadata\.plugins\org.eclipse.swt\EBWebView\Default
2026-08-19 05:40:05.630: [INFO] MostRecentlyActiveProfile: name=Profile 1 path=D:\Java Full Stack\JDBC\.metadata\.plugins\org.eclipse.swt\EBWebView\Default lastActive=2026-08-19T04:05:33.615Z
2026-08-19 05:40:05.630: [INFO] OnDoneLoading sync enabled: 0
2026-08-19 05:40:05.630: [INFO] BookmarkModelLoaded, ids_reassigned: 0
2026-08-19 05:40:05.630: [INFO] BookmarksLoadDropped droppedNodes=0
2026-08-19 05:40:05.630: [INFO] BookmarksSnapshot Startup total=0 bar=0 other=0 mobile=0 showBar=0 showBarNTP=1
2026-08-19 05:40:16.532: [INFO] BookmarksSnapshot Shutdown total=0 bar=0 other=0 mobile=0 showBar=0 showBarNTP=1
2026-08-19 05:47:09.891: [INFO] CurrentProfilePath: D:\Java Full Stack\JDBC\.metadata\.plugins\org.eclipse.swt\EBWebView\Default
2026-08-19 05:47:09.891: [INFO] Profiles total count: 1
2026-08-19 05:47:09.893: [INFO] Profile: name=Profile 1 path=D:\Java Full Stack\JDBC\.metadata\.plugins\org.eclipse.swt\EBWebView\Default lastActive=2026-08-19T04:05:33.615Z
2026-08-19 05:47:09.893: [INFO] LastUsedProfileDir: D:\Java Full Stack\JDBC\.metadata\.plugins\org.eclipse.swt\EBWebView\Default
2026-08-19 05:47:09.893: [INFO] MostRecentlyActiveProfile: name=Profile 1 path=D:\Java Full Stack\JDBC\.metadata\.plugins\org.eclipse.swt\EBWebView\Default lastActive=2026-08-19T04:05:33.615Z
2026-08-19 05:47:09.893: [INFO] OnDoneLoading sync enabled: 0
2026-08-19 05:47:09.893: [INFO] BookmarkModelLoaded, ids_reassigned: 0
2026-08-19 05:47:09.893: [INFO] BookmarksLoadDropped droppedNodes=0
2026-08-19 05:47:09.893: [INFO] BookmarksSnapshot Startup total=0 bar=0 other=0 mobile=0 showBar=0 showBarNTP=1
2026-08-19 05:47:15.611: [INFO] BookmarksSnapshot Shutdown total=0 bar=0 other=0 mobile=0 showBar=0 showBarNTP=1
2026-08-19 05:47:25.038: [INFO] CurrentProfilePath: D:\Java Full Stack\JDBC\.metadata\.plugins\org.eclipse.swt\EBWebView\Default
2026-08-19 05:47:25.038: [INFO] Profiles total count: 1
2026-08-19 05:47:25.038: [INFO] Profile: name=Profile 1 path=D:\Java Full Stack\JDBC\.metadata\.plugins\org.eclipse.swt\EBWebView\Default lastActive=2026-08-19T04:05:33.615Z
2026-08-19 05:47:25.038: [INFO] LastUsedProfileDir: D:\Java Full Stack\JDBC\.metadata\.plugins\org.eclipse.swt\EBWebView\Default
2026-08-19 05:47:25.038: [INFO] MostRecentlyActiveProfile: name=Profile 1 path=D:\Java Full Stack\JDBC\.metadata\.plugins\org.eclipse.swt\EBWebView\Default lastActive=2026-08-19T04:05:33.615Z
2026-08-19 05:47:25.038: [INFO] OnDoneLoading sync enabled: 0
2026-08-19 05:47:25.038: [INFO] BookmarkModelLoaded, ids_reassigned: 0
2026-08-19 05:47:25.038: [INFO] BookmarksLoadDropped droppedNodes=0
2026-08-19 05:47:25.038: [INFO] BookmarksSnapshot Startup total=0 bar=0 other=0 mobile=0 showBar=0 showBarNTP=1
2026-08-19 05:58:13.503: [INFO] BookmarksSnapshot Shutdown total=0 bar=0 other=0 mobile=0 showBar=0 showBarNTP=1
2026-08-19 05:58:19.999: [INFO] CurrentProfilePath: D:\Java Full Stack\JDBC\.metadata\.plugins\org.eclipse.swt\EBWebView\Default
2026-08-19 05:58:19.999: [INFO] Profiles total count: 1
2026-08-19 05:58:19.999: [INFO] Profile: name=Profile 1 path=D:\Java Full Stack\JDBC\.metadata\.plugins\org.eclipse.swt\EBWebView\Default lastActive=2026-08-19T04:05:33.615Z
2026-08-19 05:58:19.999: [INFO] LastUsedProfileDir: D:\Java Full Stack\JDBC\.metadata\.plugins\org.eclipse.swt\EBWebView\Default
2026-08-19 05:58:19.999: [INFO] MostRecentlyActiveProfile: name=Profile 1 path=D:\Java Full Stack\JDBC\.metadata\.plugins\org.eclipse.swt\EBWebView\Default lastActive=2026-08-19T04:05:33.615Z
2026-08-19 05:58:19.999: [INFO] OnDoneLoading sync enabled: 0
2026-08-19 05:58:19.999: [INFO] BookmarkModelLoaded, ids_reassigned: 0
2026-08-19 05:58:19.999: [INFO] BookmarksLoadDropped droppedNodes=0
2026-08-19 05:58:19.999: [INFO] BookmarksSnapshot Startup total=0 bar=0 other=0 mobile=0 showBar=0 showBarNTP=1
2026-08-19 05:58:24.308: [INFO] BookmarksSnapshot Shutdown total=0 bar=0 other=0 mobile=0 showBar=0 showBarNTP=1
2026-08-19 05:58:35.964: [INFO] CurrentProfilePath: D:\Java Full Stack\JDBC\.metadata\.plugins\org.eclipse.swt\EBWebView\Default
2026-08-19 05:58:35.964: [INFO] Profiles total count: 1
2026-08-19 05:58:35.964: [INFO] Profile: name=Profile 1 path=D:\Java Full Stack\JDBC\.metadata\.plugins\org.eclipse.swt\EBWebView\Default lastActive=2026-08-19T04:05:33.615Z
2026-08-19 05:58:35.964: [INFO] LastUsedProfileDir: D:\Java Full Stack\JDBC\.metadata\.plugins\org.eclipse.swt\EBWebView\Default
2026-08-19 05:58:35.964: [INFO] MostRecentlyActiveProfile: name=Profile 1 path=D:\Java Full Stack\JDBC\.metadata\.plugins\org.eclipse.swt\EBWebView\Default lastActive=2026-08-19T04:05:33.615Z
2026-08-19 05:58:35.964: [INFO] OnDoneLoading sync enabled: 0
2026-08-19 05:58:35.964: [INFO] BookmarkModelLoaded, ids_reassigned: 0
2026-08-19 05:58:35.964: [INFO] BookmarksLoadDropped droppedNodes=0
2026-08-19 05:58:35.964: [INFO] BookmarksSnapshot Startup total=0 bar=0 other=0 mobile=0 showBar=0 showBarNTP=1
2026-08-19 05:58:38.543: [INFO] BookmarksSnapshot Shutdown total=0 bar=0 other=0 mobile=0 showBar=0 showBarNTP=1
2026-08-19 06:30:41.820: [INFO] CurrentProfilePath: D:\Java Full Stack\JDBC\.metadata\.plugins\org.eclipse.swt\EBWebView\Default
2026-08-19 06:30:41.820: [INFO] Profiles total count: 1
2026-08-19 06:30:41.822: [INFO] Profile: name=Profile 1 path=D:\Java Full Stack\JDBC\.metadata\.plugins\org.eclipse.swt\EBWebView\Default lastActive=2026-08-19T04:05:33.615Z
2026-08-19 06:30:41.822: [INFO] LastUsedProfileDir: D:\Java Full Stack\JDBC\.metadata\.plugins\org.eclipse.swt\EBWebView\Default
2026-08-19 06:30:41.822: [INFO] MostRecentlyActiveProfile: name=Profile 1 path=D:\Java Full Stack\JDBC\.metadata\.plugins\org.eclipse.swt\EBWebView\Default lastActive=2026-08-19T04:05:33.615Z
2026-08-19 06:30:41.822: [INFO] OnDoneLoading sync enabled: 0
2026-08-19 06:30:41.822: [INFO] BookmarkModelLoaded, ids_reassigned: 0
2026-08-19 06:30:41.822: [INFO] BookmarksLoadDropped droppedNodes=0
2026-08-19 06:30:41.822: [INFO] BookmarksSnapshot Startup total=0 bar=0 other=0 mobile=0 showBar=0 showBarNTP=1
2026-08-19 06:33:03.918: [INFO] BookmarksSnapshot Shutdown total=0 bar=0 other=0 mobile=0 showBar=0 showBarNTP=1
2026-08-19 06:33:04.064: [INFO] CurrentProfilePath: D:\Java Full Stack\JDBC\.metadata\.plugins\org.eclipse.swt\EBWebView\Default
2026-08-19 06:33:04.064: [INFO] Profiles total count: 1
2026-08-19 06:33:04.064: [INFO] Profile: name=Profile 1 path=D:\Java Full Stack\JDBC\.metadata\.plugins\org.eclipse.swt\EBWebView\Default lastActive=2026-08-19T04:05:33.615Z
2026-08-19 06:33:04.064: [INFO] LastUsedProfileDir: D:\Java Full Stack\JDBC\.metadata\.plugins\org.eclipse.swt\EBWebView\Default
2026-08-19 06:33:04.064: [INFO] MostRecentlyActiveProfile: name=Profile 1 path=D:\Java Full Stack\JDBC\.metadata\.plugins\org.eclipse.swt\EBWebView\Default lastActive=2026-08-19T04:05:33.615Z
2026-08-19 06:33:04.064: [INFO] OnDoneLoading sync enabled: 0
2026-08-19 06:33:04.064: [INFO] BookmarkModelLoaded, ids_reassigned: 0
2026-08-19 06:33:04.064: [INFO] BookmarksLoadDropped droppedNodes=0
2026-08-19 06:33:04.064: [INFO] BookmarksSnapshot Startup total=0 bar=0 other=0 mobile=0 showBar=0 showBarNTP=1
2026-08-19 06:43:13.295: [INFO] BookmarksSnapshot Shutdown total=0 bar=0 other=0 mobile=0 showBar=0 showBarNTP=1
